[INFO] Scanning for projects...
[INFO] 
[INFO] ------------------------< net.socialgamer:pyx >-------------------------
[INFO] Building pyx 0.7.0-SNAPSHOT
[INFO]   from pom.xml
[INFO] --------------------------------[ war ]---------------------------------
[WARNING] 1 problem was encountered while building the effective model for org.javassist:javassist:jar:3.19.0-GA during dependency collection step for project (use -X to see details)
[INFO] 
[INFO] --- clean:3.2.0:clean (default-clean) @ pyx ---
[INFO] Deleting C:\Users\user\Desktop\task\PretendYoureXyzzy\target
[INFO] ------------------------------------------------------------------------
[INFO] BUILD FAILURE
[INFO] ------------------------------------------------------------------------
[INFO] Total time:  1.632 s
[INFO] Finished at: 2026-06-12T12:14:55-03:00
[INFO] ------------------------------------------------------------------------
[ERROR] Failed to execute goal org.apache.maven.plugins:maven-clean-plugin:3.2.0:clean (default-clean) on project pyx: Failed to clean project: Failed to delete C:\Users\user\Desktop\task\PretendYoureXyzzy\target\ZY\WEB-INF\lib\uadetector-resources-2014.10.jar -> [Help 1]
[ERROR] 
[ERROR] To see the full stack trace of the errors, re-run Maven with the -e switch.
[ERROR] Re-run Maven using the -X switch to enable full debug logging.
[ERROR] 
[ERROR] For more information about the errors and possible solutions, please read the following articles:
[ERROR] [Help 1] http://cwiki.apache.org/confluence/display/MAVEN/MojoExecutionException
